14:42:17 **** Incremental Build of configuration Debug for project PIR_Sensor ****
make -j8 all 
arm-none-eabi-gcc "../Core/Src/Application.c" -mcpu=cortex-m3 -std=gnu11 -g3 -DDEBUG -DUSE_HAL_DRIVER -DSTM32F103x6 -c -I../Core/Inc -I../Drivers/STM32F1xx_HAL_Driver/Inc/Legacy -I../Drivers/STM32F1xx_HAL_Driver/Inc -I../Drivers/CMSIS/Device/ST/STM32F1xx/Include -I../Drivers/CMSIS/Include -O0 -ffunction-sections -fdata-sections -Wall -fstack-usage -fcyclomatic-complexity -MMD -MP -MF"Core/Src/Application.d" -MT"Core/Src/Application.o" --specs=nano.specs -mfloat-abi=soft -mthumb -o "Core/Src/Application.o"
arm-none-eabi-gcc -o "PIR_Sensor.elf" @"objects.list"   -mcpu=cortex-m3 -T"E:\Embedded_work\PROJECTS\PIR_Security_Node\Firmware\Project\PIR_Sensor\STM32F103C6TX_FLASH.ld" --specs=nosys.specs -Wl,-Map="PIR_Sensor.map" -Wl,--gc-sections -static --specs=nano.specs -mfloat-abi=soft -mthumb -Wl,--start-group -lc -lm -Wl,--end-group
Finished building target: PIR_Sensor.elf
 
arm-none-eabi-size  PIR_Sensor.elf 
arm-none-eabi-objdump -h -S PIR_Sensor.elf  > "PIR_Sensor.list"
   text	   data	    bss	    dec	    hex	filename
   1316	      4	   1572	   2892	    b4c	PIR_Sensor.elf
Finished building: default.size.stdout
 
Finished building: PIR_Sensor.list
 

14:42:20 Build Finished. 0 errors, 0 warnings. (took 3s.34ms)

